errors: []
outputs:
- verified: true
  execute:
    four_program.aleo/a:
      outputs:
      - '{"type":"future","id":"665183472055988178271814702289264025474680637838536582821282925188065775088field","value":"{\n  program_id: four_program.aleo,\n  function_name: a,\n  arguments: [\n    {\n      program_id: two_program.aleo,\n      function_name: b,\n      arguments: [\n        {\n          program_id: zero_program.aleo,\n          function_name: c,\n          arguments: [\n            aleo1kw4knandael9qcpxs6g36rr6h7dwvjz6q25ueah6zz9v57zjlvxsx5llq8\n          ]\n        },\n        {\n          program_id: one_program.aleo,\n          function_name: d,\n          arguments: [\n            aleo1kw4knandael9qcpxs6g36rr6h7dwvjz6q25ueah6zz9v57zjlvxsx5llq8\n          ]\n        },\n        aleo1kw4knandael9qcpxs6g36rr6h7dwvjz6q25ueah6zz9v57zjlvxsx5llq8\n      ]\n    },\n    {\n      program_id: three_program.aleo,\n      function_name: e,\n      arguments: [\n        {\n          program_id: two_program.aleo,\n          function_name: b,\n          arguments: [\n            {\n              program_id: zero_program.aleo,\n              function_name: c,\n              arguments: [\n                aleo1kw4knandael9qcpxs6g36rr6h7dwvjz6q25ueah6zz9v57zjlvxsx5llq8\n              ]\n            },\n            {\n              program_id: one_program.aleo,\n              function_name: d,\n              arguments: [\n                aleo1kw4knandael9qcpxs6g36rr6h7dwvjz6q25ueah6zz9v57zjlvxsx5llq8\n              ]\n            },\n            aleo1kw4knandael9qcpxs6g36rr6h7dwvjz6q25ueah6zz9v57zjlvxsx5llq8\n          ]\n        },\n        {\n          program_id: one_program.aleo,\n          function_name: d,\n          arguments: [\n            aleo1kw4knandael9qcpxs6g36rr6h7dwvjz6q25ueah6zz9v57zjlvxsx5llq8\n          ]\n        },\n        {\n          program_id: zero_program.aleo,\n          function_name: c,\n          arguments: [\n            aleo1kw4knandael9qcpxs6g36rr6h7dwvjz6q25ueah6zz9v57zjlvxsx5llq8\n          ]\n        },\n        aleo1kw4knandael9qcpxs6g36rr6h7dwvjz6q25ueah6zz9v57zjlvxsx5llq8\n      ]\n    },\n    aleo1kw4knandael9qcpxs6g36rr6h7dwvjz6q25ueah6zz9v57zjlvxsx5llq8\n  ]\n}"}'
  speculate: the execution was accepted
  add_next_block: succeeded.
additional:
- child_outputs:
    zero_program.aleo/c:
      outputs:
      - '{"type":"future","id":"1480766593085211098189114488792207994373740214001639330000129810788271883137field","value":"{\n  program_id: zero_program.aleo,\n  function_name: c,\n  arguments: [\n    aleo1kw4knandael9qcpxs6g36rr6h7dwvjz6q25ueah6zz9v57zjlvxsx5llq8\n  ]\n}"}'
    one_program.aleo/d:
      outputs:
      - '{"type":"future","id":"6874436412573820073608038525233877999669336342335693667065896409420053741810field","value":"{\n  program_id: one_program.aleo,\n  function_name: d,\n  arguments: [\n    aleo1kw4knandael9qcpxs6g36rr6h7dwvjz6q25ueah6zz9v57zjlvxsx5llq8\n  ]\n}"}'
    two_program.aleo/b:
      outputs:
      - '{"type":"future","id":"439911297771864655257183196286454333195715414280549536084302592849654672842field","value":"{\n  program_id: two_program.aleo,\n  function_name: b,\n  arguments: [\n    {\n      program_id: zero_program.aleo,\n      function_name: c,\n      arguments: [\n        aleo1kw4knandael9qcpxs6g36rr6h7dwvjz6q25ueah6zz9v57zjlvxsx5llq8\n      ]\n    },\n    {\n      program_id: one_program.aleo,\n      function_name: d,\n      arguments: [\n        aleo1kw4knandael9qcpxs6g36rr6h7dwvjz6q25ueah6zz9v57zjlvxsx5llq8\n      ]\n    },\n    aleo1kw4knandael9qcpxs6g36rr6h7dwvjz6q25ueah6zz9v57zjlvxsx5llq8\n  ]\n}"}'
    three_program.aleo/e:
      outputs:
      - '{"type":"future","id":"6324349534667114127832388996854882573236888808429320919855235417654165379333field","value":"{\n  program_id: three_program.aleo,\n  function_name: e,\n  arguments: [\n    {\n      program_id: two_program.aleo,\n      function_name: b,\n      arguments: [\n        {\n          program_id: zero_program.aleo,\n          function_name: c,\n          arguments: [\n            aleo1kw4knandael9qcpxs6g36rr6h7dwvjz6q25ueah6zz9v57zjlvxsx5llq8\n          ]\n        },\n        {\n          program_id: one_program.aleo,\n          function_name: d,\n          arguments: [\n            aleo1kw4knandael9qcpxs6g36rr6h7dwvjz6q25ueah6zz9v57zjlvxsx5llq8\n          ]\n        },\n        aleo1kw4knandael9qcpxs6g36rr6h7dwvjz6q25ueah6zz9v57zjlvxsx5llq8\n      ]\n    },\n    {\n      program_id: one_program.aleo,\n      function_name: d,\n      arguments: [\n        aleo1kw4knandael9qcpxs6g36rr6h7dwvjz6q25ueah6zz9v57zjlvxsx5llq8\n      ]\n    },\n    {\n      program_id: zero_program.aleo,\n      function_name: c,\n      arguments: [\n        aleo1kw4knandael9qcpxs6g36rr6h7dwvjz6q25ueah6zz9v57zjlvxsx5llq8\n      ]\n    },\n    aleo1kw4knandael9qcpxs6g36rr6h7dwvjz6q25ueah6zz9v57zjlvxsx5llq8\n  ]\n}"}'
    credits.aleo/fee_public:
      outputs:
      - '{"type":"future","id":"2642525527921148655203140665689909230400981948693155278410222306693462629362field","value":"{\n  program_id: credits.aleo,\n  function_name: fee_public,\n  arguments: [\n    aleo1kw4knandael9qcpxs6g36rr6h7dwvjz6q25ueah6zz9v57zjlvxsx5llq8,\n    1312883u64\n  ]\n}"}'
