errors: []
outputs:
- verified: true
  execute:
    child.aleo/foo:
      outputs:
      - '{"type":"public","id":"3583507900097573902692207210661581535840809808651900827750728854102720512424field","value":"aleo1qr2ha4pfs5l28aze88yn6fhleeythklkczrule2v838uwj65n5gqxt9djx"}'
      - '{"type":"public","id":"476166291720572191849579987891810720100233870490756615272004665719966045283field","value":"aleo1qr2ha4pfs5l28aze88yn6fhleeythklkczrule2v838uwj65n5gqxt9djx"}'
  speculate: the execution was accepted
  add_next_block: succeeded.
- execute: 'Failed to evaluate instruction (call child.aleo/foo into r0 r1;): Failed to evaluate instruction (assert.eq self.caller self.signer ;): ''assert.eq'' failed: ''aleo16w8t56s7v6ud7vu33fr388ph0dq0c7yhp597cyjt88rr3nultcyqcyk9yy'' is not equal to ''aleo1qr2ha4pfs5l28aze88yn6fhleeythklkczrule2v838uwj65n5gqxt9djx'' (should be equal)'
additional:
- child_outputs:
    credits.aleo/fee_public:
      outputs:
      - '{"type":"future","id":"5245767978479482276373144091068362056657622227760198296183689243703275814117field","value":"{\n  program_id: credits.aleo,\n  function_name: fee_public,\n  arguments: [\n    aleo1qr2ha4pfs5l28aze88yn6fhleeythklkczrule2v838uwj65n5gqxt9djx,\n    1244u64\n  ]\n}"}'
- {}
